=== ОТЧЕТ ===

Функция: (1-x[0])**2+100*(x[1]-x[0]**2)**2
Эпсилон: 0.001

Таблица функций:
ПеременнаяКоордината     Производная    
x[0]      0.0            -2+2*x[0]-400*x[0]*x[1]+400*x[0]**3
x[1]      0.0            200*x[1]-200*x[0]**2

Итерации:
Итерация 0:
  Значение функции: 1.0
  Координаты: [0.0, 0.0]
Итерация 1:
  Значение функции: 0.7737371028820772
  Координаты: [0.17354647186935698, 0.0]
Итерация 2:
  Значение функции: 0.6438011478385167
  Координаты: [0.31419013139669094, 0.057066192339575744]
Итерация 3:
  Значение функции: 0.5119392844703287
  Координаты: [0.372547395453679, 0.17317797102316929]
Итерация 4:
  Значение функции: 0.2855422133841504
  Координаты: [0.4968228372617946, 0.22884544812024454]
Итерация 5:
  Значение функции: 0.25266368516118126
  Координаты: [0.5030299538168718, 0.2454995997312543]
Итерация 6:
  Значение функции: 0.1649415051746775
  Координаты: [0.6312684581435448, 0.3814767774511667]
Итерация 7:
  Значение функции: 0.11370471424434958
  Координаты: [0.6725431312261493, 0.44426646034425576]
Итерация 8:
  Значение функции: 0.08729289402380866
  Координаты: [0.7373943494671649, 0.5302111628602868]
Итерация 9:
  Значение функции: 0.03819500320655814
  Координаты: [0.8083248494344112, 0.649573777345402]
Итерация 10:
  Значение функции: 0.031497573310364936
  Координаты: [0.8817242632105751, 0.7642057364170146]
Итерация 11:
  Значение функции: 0.011668707062985699
  Координаты: [0.8920313173359522, 0.79538118797042]
Итерация 12:
  Значение функции: 0.004514342762023954
  Координаты: [0.9380311246170743, 0.8773058521972232]
Итерация 13:
  Значение функции: 0.0019416251344543417
  Координаты: [0.974476449981766, 0.946012453005741]
Итерация 14:
  Значение функции: 0.0002963568714939209
  Координаты: [0.9827849826675313, 0.9658670273995046]
Итерация 15:
  Значение функции: 2.6433554597275733e-05
  Координаты: [0.995700729593239, 0.9911379885089814]
Итерация 16:
  Значение функции: 8.703274798500213e-07
  Координаты: [0.9994960755487986, 0.9989138946797043]
Итерация 17:
  Значение функции: 7.333399274425601e-09
  Координаты: [0.999923969405977, 0.9998518850850199]
Итерация 18:
  Значение функции: 7.750964449436845e-11
  Координаты: [1.000007525675893, 1.0000145945293692]
